******************************************************************************
       MSP430 Evaluation Linker PC v3.3.2                      
******************************************************************************
>> Linked Wed Jun 25 22:49:58 2014

OUTPUT FILE NAME:   <test.out>
ENTRY POINT SYMBOL: "_c_int00"  address: 00004454


MEMORY CONFIGURATION

         name            origin    length      used     unused   attr    fill
----------------------  --------  ---------  --------  --------  ----  --------
  SFR                   00000000   00000010  00000000  00000010  RWIX
  PERIPHERALS_8BIT      00000010   000000f0  00000000  000000f0  RWIX
  PERIPHERALS_16BIT     00000100   00000100  00000000  00000100  RWIX
  INFOB                 00001000   00000080  00000000  00000080  RWIX
  INFOA                 00001080   00000080  00000000  00000080  RWIX
  RAM                   00001100   00002800  00000154  000026ac  RWIX
  FLASH                 00004000   0000bfe0  0000061a  0000b9c6  RWIX
  INT00                 0000ffe0   00000002  00000000  00000002  RWIX
  INT01                 0000ffe2   00000002  00000002  00000000  RWIX
  INT02                 0000ffe4   00000002  00000000  00000002  RWIX
  INT03                 0000ffe6   00000002  00000000  00000002  RWIX
  INT04                 0000ffe8   00000002  00000000  00000002  RWIX
  INT05                 0000ffea   00000002  00000000  00000002  RWIX
  INT06                 0000ffec   00000002  00000002  00000000  RWIX
  INT07                 0000ffee   00000002  00000000  00000002  RWIX
  INT08                 0000fff0   00000002  00000000  00000002  RWIX
  INT09                 0000fff2   00000002  00000000  00000002  RWIX
  INT10                 0000fff4   00000002  00000000  00000002  RWIX
  INT11                 0000fff6   00000002  00000000  00000002  RWIX
  INT12                 0000fff8   00000002  00000000  00000002  RWIX
  INT13                 0000fffa   00000002  00000000  00000002  RWIX
  INT14                 0000fffc   00000002  00000000  00000002  RWIX
  RESET                 0000fffe   00000002  00000002  00000000  RWIX


SECTION ALLOCATION MAP

 output                                  attributes/
section   page    origin      length       input sections
--------  ----  ----------  ----------   ----------------
.pinit     0    00004000    00000000     UNINITIALIZED

.bss       0    00001100    000000b4     UNINITIALIZED
                  00001100    0000006c     main.obj (.bss)
                  0000116c    00000017     _4_7SEG.obj (.bss)
                  00001183    00000001     delay.obj (.bss)
                  00001184    00000013     _7SEG.obj (.bss)
                  00001197    00000001     --HOLE--
                  00001198    0000000c     _4x4keyboard.obj (.bss)
                  000011a4    00000008     rts430.lib : memory.obj (.bss)
                  000011ac    00000004                : _lock.obj (.bss)
                  000011b0    00000004                : boot.obj (.bss)

.sysmem    0    000011b4    00000050     UNINITIALIZED
                  000011b4    00000004     rts430.lib : memory.obj (.sysmem)
                  000011b8    0000004c     --HOLE--

.stack     0    000038b0    00000050     UNINITIALIZED
                  000038b0    00000002     rts430.lib : boot.obj (.stack)
                  000038b2    0000004e     --HOLE--

.text      0    00004000    00000550     
                  00004000    000000ce     main.obj (.text:_main_ADC)
                  000040ce    000000c2     rts430.lib : fs_mpy.obj (.text)
                  00004190    0000009a                : fs_div.obj (.text)
                  0000422a    00000094     _4x4keyboard.obj (.text:scannerReceive)
                  000042be    0000004c     rts430.lib : lsr16.obj (.text)
                  0000430a    00000046                : autoinit.obj (.text:_auto_init)
                  00004350    00000046                : fs_tou.obj (.text)
                  00004396    00000038     _4_7SEG.obj (.text:_4_7SEG)
                  000043ce    00000034     adc0804.obj (.text:ADC0804_getValue)
                  00004402    0000002c     rts430.lib : div16s.obj (.text)
                  0000442e    00000026     delay.obj (.text:SetTimer)
                  00004454    00000026     rts430.lib : boot.obj (.text:_c_int00_noexit)
                  0000447a    00000024                : fs_utof.obj (.text)
                  0000449e    00000022     delay.obj (.text:wait)
                  000044c0    0000001a     _4_7SEG.obj (.text:_4_7SEG_initIO)
                  000044da    00000016     rts430.lib : div16u.obj (.text)
                  000044f0    00000014                : mult16_hw.obj (.text)
                  00004504    00000012                : memcpy.obj (.text:memcpy)
                  00004516    00000010                : epilog.obj (.text)
                  00004526    0000000e     adc0804.obj (.text:ADC0804_initIO)
                  00004534    0000000c     delay.obj (.text:delay)
                  00004540    00000006     main.obj (.text:main)
                  00004546    00000004     rts430.lib : pre_init.obj (.text:_system_pre_init)
                  0000454a    00000004                : exit.obj (.text:abort)
                  0000454e    00000002                : _lock.obj (.text:_nop)

.cinit     0    00004550    000000ca     
                  00004550    00000070     main.obj (.cinit)
                  000045c0    00000023     _4_7SEG.obj (.cinit)
                  000045e3    00000001     --HOLE-- [fill = 0]
                  000045e4    0000001b     _7SEG.obj (.cinit)
                  000045ff    00000001     --HOLE-- [fill = 0]
                  00004600    00000012     _4x4keyboard.obj (.cinit)
                  00004612    00000006     rts430.lib : memory.obj (.cinit)
                  00004618    00000002     --HOLE-- [fill = 0]

.int01     0    0000ffe2    00000002     
                  0000ffe2    00000002     _4x4keyboard.obj (.int01)

.int06     0    0000ffec    00000002     
                  0000ffec    00000002     delay.obj (.int06)

.reset     0    0000fffe    00000002     
                  0000fffe    00000002     rts430.lib : boot.obj (.reset)


GLOBAL SYMBOLS: SORTED ALPHABETICALLY BY Name 

address    name
--------   ----
00001100   .bss
00004000   .text
000043ce   ADC0804_getValue
00004526   ADC0804_initIO
000001a0   ADC12CTL0
000001a2   ADC12CTL1
000001a6   ADC12IE
000001a4   ADC12IFG
000001a8   ADC12IV
00000080   ADC12MCTL0
00000081   ADC12MCTL1
0000008a   ADC12MCTL10
0000008b   ADC12MCTL11
0000008c   ADC12MCTL12
0000008d   ADC12MCTL13
0000008e   ADC12MCTL14
0000008f   ADC12MCTL15
00000082   ADC12MCTL2
00000083   ADC12MCTL3
00000084   ADC12MCTL4
00000085   ADC12MCTL5
00000086   ADC12MCTL6
00000087   ADC12MCTL7
00000088   ADC12MCTL8
00000089   ADC12MCTL9
00000140   ADC12MEM0
00000142   ADC12MEM1
00000154   ADC12MEM10
00000156   ADC12MEM11
00000158   ADC12MEM12
0000015a   ADC12MEM13
0000015c   ADC12MEM14
0000015e   ADC12MEM15
00000144   ADC12MEM2
00000146   ADC12MEM3
00000148   ADC12MEM4
0000014a   ADC12MEM5
0000014c   ADC12MEM6
0000014e   ADC12MEM7
00000150   ADC12MEM8
00000152   ADC12MEM9
00000057   BCSCTL1
00000058   BCSCTL2
0000454a   C$$EXIT
00000059   CACTL1
0000005a   CACTL2
0000005b   CAPD
000001c0   DAC12_0CTL
000001c8   DAC12_0DAT
000001c2   DAC12_1CTL
000001ca   DAC12_1DAT
00000056   DCOCTL
000001e0   DMA0CTL
000001e4   DMA0DA
000001e2   DMA0SA
000001e6   DMA0SZ
000001e8   DMA1CTL
000001ec   DMA1DA
000001ea   DMA1SA
000001ee   DMA1SZ
000001f0   DMA2CTL
000001f4   DMA2DA
000001f2   DMA2SA
000001f6   DMA2SZ
00000122   DMACTL0
00000124   DMACTL1
00000128   FCTL1
0000012a   FCTL2
0000012c   FCTL3
00000072   I2CDCTL
00000076   I2CDRB
00000076   I2CDRW
00000050   I2CIE
00000051   I2CIFG
0000011c   I2CIV
00000052   I2CNDAT
00000118   I2COA
00000073   I2CPSC
0000011a   I2CSA
00000074   I2CSCLH
00000075   I2CSCLL
00000071   I2CTCTL
00000000   IE1
00000001   IE2
00000002   IFG1
00000003   IFG2
000042be   I_LSR
00004304   I_LSR_1
000042e0   I_LSR_10
000042dc   I_LSR_11
000042d8   I_LSR_12
000042d4   I_LSR_13
000042d0   I_LSR_14
000042cc   I_LSR_15
00004300   I_LSR_2
000042fc   I_LSR_3
000042f8   I_LSR_4
000042f4   I_LSR_5
000042f0   I_LSR_6
000042ec   I_LSR_7
000042e8   I_LSR_8
000042e4   I_LSR_9
00001100   LCDROW1
00001132   LCDROW1_title
00001110   LCDROW2
00001142   LCDROW2_title
00000134   MAC
00000136   MACS
00000004   ME1
00000005   ME2
00000130   MPY
00000132   MPYS
00000138   OP2
00000022   P1DIR
00000025   P1IE
00000024   P1IES
00000023   P1IFG
00000020   P1IN
00000021   P1OUT
00000026   P1SEL
0000002a   P2DIR
0000002d   P2IE
0000002c   P2IES
0000002b   P2IFG
00000028   P2IN
00000029   P2OUT
0000002e   P2SEL
0000001a   P3DIR
00000018   P3IN
00000019   P3OUT
0000001b   P3SEL
0000001e   P4DIR
0000001c   P4IN
0000001d   P4OUT
0000001f   P4SEL
00000032   P5DIR
00000030   P5IN
00000031   P5OUT
00000033   P5SEL
00000036   P6DIR
00000034   P6IN
00000035   P6OUT
00000037   P6SEL
0000013c   RESHI
0000013a   RESLO
0000013e   SUMEXT
00000055   SVSCTL
0000442e   SetTimer
00000172   TACCR0
00000174   TACCR1
00000176   TACCR2
00000162   TACCTL0
00000164   TACCTL1
00000166   TACCTL2
00000160   TACTL
0000012e   TAIV
00000170   TAR
00000192   TBCCR0
00000194   TBCCR1
00000196   TBCCR2
00000198   TBCCR3
0000019a   TBCCR4
0000019c   TBCCR5
0000019e   TBCCR6
00000182   TBCCTL0
00000184   TBCCTL1
00000186   TBCCTL2
00000188   TBCCTL3
0000018a   TBCCTL4
0000018c   TBCCTL5
0000018e   TBCCTL6
00000180   TBCTL
0000011e   TBIV
00000190   TBR
00000074   U0BR0
00000075   U0BR1
00000070   U0CTL
00000073   U0MCTL
00000072   U0RCTL
00000076   U0RXBUF
00000071   U0TCTL
00000077   U0TXBUF
0000007c   U1BR0
0000007d   U1BR1
00000078   U1CTL
0000007b   U1MCTL
0000007a   U1RCTL
0000007e   U1RXBUF
00000079   U1TCTL
0000007f   U1TXBUF
0000112a   Vref
00000120   WDTCTL
00004396   _4_7SEG
000044c0   _4_7SEG_initIO
0000116c   _4_7segTable
00001184   _7segTable
00001196   _7segTable_length
00003900   __STACK_END
00000050   __STACK_SIZE
00000050   __SYSMEM_SIZE
00000001   __TI_args_main
00000001   __TI_auto_init
00000001   __TI_exit
ffffffff   __binit__
00001100   __bss__
ffffffff   __c_args__
00004550   __cinit__
00004402   __divi
000044da   __divu
000011b4   __end__
00004550   __etext__
00004190   __fs_div
000040ce   __fs_mpy
00004350   __fs_tou
0000447a   __fs_utof
000044f0   __mpyi_hw
ffffffff   __pinit__
00004402   __remi
000044da   __remu
00004000   __text__
0000430a   _auto_init
00004454   _c_int00
00004454   _c_int00_noexit
000011b0   _cleanup_ptr
000011b2   _dtors_ptr
000011ac   _lock
00004000   _main_ADC
0000454e   _nop
0000fffe   _reset_vector
000038b0   _stack
000011b4   _sys_memory
00004546   _system_pre_init
000011ae   _unlock
0000454a   abort
ffffffff   binit
00004550   cinit
00001182   cnt
00001199   col
00004534   delay
000011b4   end
00004550   etext
00004522   func_epilog_1
00004520   func_epilog_2
0000451e   func_epilog_3
0000451c   func_epilog_4
0000451a   func_epilog_5
00004518   func_epilog_6
00004516   func_epilog_7
00001152   i
00004540   main
00004504   memcpy
0000112e   outLcdRow1
00001130   outLcdRow2
ffffffff   pinit
00001164   read_from_eeprom
0000119a   row
00001198   rowkey
0000115c   save_to_eeprom
0000117e   scan
0000422a   scannerReceive
00001154   table
00001122   temp
00001183   timerFlag
0000119c   tmp
00001120   tmpResult
0000449e   wait


GLOBAL SYMBOLS: SORTED BY Symbol Address 

address    name
--------   ----
00000000   IE1
00000001   IE2
00000001   __TI_args_main
00000001   __TI_auto_init
00000001   __TI_exit
00000002   IFG1
00000003   IFG2
00000004   ME1
00000005   ME2
00000018   P3IN
00000019   P3OUT
0000001a   P3DIR
0000001b   P3SEL
0000001c   P4IN
0000001d   P4OUT
0000001e   P4DIR
0000001f   P4SEL
00000020   P1IN
00000021   P1OUT
00000022   P1DIR
00000023   P1IFG
00000024   P1IES
00000025   P1IE
00000026   P1SEL
00000028   P2IN
00000029   P2OUT
0000002a   P2DIR
0000002b   P2IFG
0000002c   P2IES
0000002d   P2IE
0000002e   P2SEL
00000030   P5IN
00000031   P5OUT
00000032   P5DIR
00000033   P5SEL
00000034   P6IN
00000035   P6OUT
00000036   P6DIR
00000037   P6SEL
00000050   I2CIE
00000050   __STACK_SIZE
00000050   __SYSMEM_SIZE
00000051   I2CIFG
00000052   I2CNDAT
00000055   SVSCTL
00000056   DCOCTL
00000057   BCSCTL1
00000058   BCSCTL2
00000059   CACTL1
0000005a   CACTL2
0000005b   CAPD
00000070   U0CTL
00000071   I2CTCTL
00000071   U0TCTL
00000072   I2CDCTL
00000072   U0RCTL
00000073   I2CPSC
00000073   U0MCTL
00000074   I2CSCLH
00000074   U0BR0
00000075   I2CSCLL
00000075   U0BR1
00000076   I2CDRB
00000076   I2CDRW
00000076   U0RXBUF
00000077   U0TXBUF
00000078   U1CTL
00000079   U1TCTL
0000007a   U1RCTL
0000007b   U1MCTL
0000007c   U1BR0
0000007d   U1BR1
0000007e   U1RXBUF
0000007f   U1TXBUF
00000080   ADC12MCTL0
00000081   ADC12MCTL1
00000082   ADC12MCTL2
00000083   ADC12MCTL3
00000084   ADC12MCTL4
00000085   ADC12MCTL5
00000086   ADC12MCTL6
00000087   ADC12MCTL7
00000088   ADC12MCTL8
00000089   ADC12MCTL9
0000008a   ADC12MCTL10
0000008b   ADC12MCTL11
0000008c   ADC12MCTL12
0000008d   ADC12MCTL13
0000008e   ADC12MCTL14
0000008f   ADC12MCTL15
00000118   I2COA
0000011a   I2CSA
0000011c   I2CIV
0000011e   TBIV
00000120   WDTCTL
00000122   DMACTL0
00000124   DMACTL1
00000128   FCTL1
0000012a   FCTL2
0000012c   FCTL3
0000012e   TAIV
00000130   MPY
00000132   MPYS
00000134   MAC
00000136   MACS
00000138   OP2
0000013a   RESLO
0000013c   RESHI
0000013e   SUMEXT
00000140   ADC12MEM0
00000142   ADC12MEM1
00000144   ADC12MEM2
00000146   ADC12MEM3
00000148   ADC12MEM4
0000014a   ADC12MEM5
0000014c   ADC12MEM6
0000014e   ADC12MEM7
00000150   ADC12MEM8
00000152   ADC12MEM9
00000154   ADC12MEM10
00000156   ADC12MEM11
00000158   ADC12MEM12
0000015a   ADC12MEM13
0000015c   ADC12MEM14
0000015e   ADC12MEM15
00000160   TACTL
00000162   TACCTL0
00000164   TACCTL1
00000166   TACCTL2
00000170   TAR
00000172   TACCR0
00000174   TACCR1
00000176   TACCR2
00000180   TBCTL
00000182   TBCCTL0
00000184   TBCCTL1
00000186   TBCCTL2
00000188   TBCCTL3
0000018a   TBCCTL4
0000018c   TBCCTL5
0000018e   TBCCTL6
00000190   TBR
00000192   TBCCR0
00000194   TBCCR1
00000196   TBCCR2
00000198   TBCCR3
0000019a   TBCCR4
0000019c   TBCCR5
0000019e   TBCCR6
000001a0   ADC12CTL0
000001a2   ADC12CTL1
000001a4   ADC12IFG
000001a6   ADC12IE
000001a8   ADC12IV
000001c0   DAC12_0CTL
000001c2   DAC12_1CTL
000001c8   DAC12_0DAT
000001ca   DAC12_1DAT
000001e0   DMA0CTL
000001e2   DMA0SA
000001e4   DMA0DA
000001e6   DMA0SZ
000001e8   DMA1CTL
000001ea   DMA1SA
000001ec   DMA1DA
000001ee   DMA1SZ
000001f0   DMA2CTL
000001f2   DMA2SA
000001f4   DMA2DA
000001f6   DMA2SZ
00001100   .bss
00001100   LCDROW1
00001100   __bss__
00001110   LCDROW2
00001120   tmpResult
00001122   temp
0000112a   Vref
0000112e   outLcdRow1
00001130   outLcdRow2
00001132   LCDROW1_title
00001142   LCDROW2_title
00001152   i
00001154   table
0000115c   save_to_eeprom
00001164   read_from_eeprom
0000116c   _4_7segTable
0000117e   scan
00001182   cnt
00001183   timerFlag
00001184   _7segTable
00001196   _7segTable_length
00001198   rowkey
00001199   col
0000119a   row
0000119c   tmp
000011ac   _lock
000011ae   _unlock
000011b0   _cleanup_ptr
000011b2   _dtors_ptr
000011b4   __end__
000011b4   _sys_memory
000011b4   end
000038b0   _stack
00003900   __STACK_END
00004000   .text
00004000   __text__
00004000   _main_ADC
000040ce   __fs_mpy
00004190   __fs_div
0000422a   scannerReceive
000042be   I_LSR
000042cc   I_LSR_15
000042d0   I_LSR_14
000042d4   I_LSR_13
000042d8   I_LSR_12
000042dc   I_LSR_11
000042e0   I_LSR_10
000042e4   I_LSR_9
000042e8   I_LSR_8
000042ec   I_LSR_7
000042f0   I_LSR_6
000042f4   I_LSR_5
000042f8   I_LSR_4
000042fc   I_LSR_3
00004300   I_LSR_2
00004304   I_LSR_1
0000430a   _auto_init
00004350   __fs_tou
00004396   _4_7SEG
000043ce   ADC0804_getValue
00004402   __divi
00004402   __remi
0000442e   SetTimer
00004454   _c_int00
00004454   _c_int00_noexit
0000447a   __fs_utof
0000449e   wait
000044c0   _4_7SEG_initIO
000044da   __divu
000044da   __remu
000044f0   __mpyi_hw
00004504   memcpy
00004516   func_epilog_7
00004518   func_epilog_6
0000451a   func_epilog_5
0000451c   func_epilog_4
0000451e   func_epilog_3
00004520   func_epilog_2
00004522   func_epilog_1
00004526   ADC0804_initIO
00004534   delay
00004540   main
00004546   _system_pre_init
0000454a   C$$EXIT
0000454a   abort
0000454e   _nop
00004550   __cinit__
00004550   __etext__
00004550   cinit
00004550   etext
0000fffe   _reset_vector
ffffffff   __binit__
ffffffff   __c_args__
ffffffff   __pinit__
ffffffff   binit
ffffffff   pinit

[266 symbols]
